     1                                 %line 1+1 stats2.asm
     2                                 
     3                                 
     4                                 
     5                                 
     6                                 
     7                                 
     8                                 
     9                                 
    10                                 
    11                                 
    12                                 [section .data]
    13                                 
    14                                 
    15                                 
    16                                 EXIT_SUCCESS equ 0
    17                                 SYS_exit equ 60
    18                                 
    19                                 
    20 00000000 010000000600000009-    list dd 1, 6, 9, 10, 14, 19
    21 00000000 0000000A0000000E00-
    22 00000000 000013000000       
    23 00000018 06000000               len dd 6
    24 0000001C 00000000               min dd 0
    25 00000020 00000000               max dd 0
    26 00000024 00000000               med1 dd 0
    27 00000028 00000000               med2 dd 0
    28 0000002C 00000000               sum dd 0
    29 00000030 00000000               ave dd 0
    30                                 
    31                                 
    32                                 
    33                                 
    34                                 
    35                                 
    36                                 
    37                                 
    38                                 
    39                                 
    40                                 
    41                                 
    42                                 
    43                                 
    44                                 
    45                                 
    46                                 
    47                                 
    48                                 
    49                                 [section .text]
    50                                 [global stats2]
    51                                 stats2:
    52                                 
    53 00000000 55                      push rbp
    54 00000001 4889E5                  mov rbp, rsp
    55 00000004 4154                    push r12
    56                                 
    57                                 
    58                                 
    59 00000006 8B07                    mov eax, dword [rdi]
    60 00000008 8902                    mov dword [rdx], eax
    61 0000000A 4989F4                  mov r12, rsi
    62 0000000D 49FFCC                  dec r12
    63 00000010 428B04A7                mov eax, dword [rdi+r12*4]
    64 00000014 418901                  mov dword [r9], eax
    65                                 
    66                                 
    67                                 
    68 00000017 4889F0                  mov rax, rsi
    69 0000001A 48C7C200000000          mov rdx, 0
    70 00000021 49C7C402000000          mov r12, 2
    71 00000028 49F7F4                  div r12
    72                                 
    73 0000002B 4883FA00                cmp rdx, 0
    74 0000002F 740A                    je evenLength
    75                                 
    76 00000031 448B2487                mov r12d, dword [rdi+rax*4]
    77 00000035 448921                  mov dword [rcx], r12d
    78 00000038 458920                  mov dword [r8], r12d
    79 0000003B EB0F                    jmp medDone
    80                                 evenLength:
    81 0000003D 448B2487                mov r12d, dword [rdi+rax*4]
    82 00000041 458920                  mov dword [r8], r12d
    83 00000044 48FFC8                  dec rax
    84 00000047 448B2487                mov r12d, dword [rdi+rax*4]
    85 0000004B 448921                  mov dword [rcx], r12d
    86                                 
    87                                 medDone:
    88                                 
    89                                 
    90                                 
    91 0000004E 49C7C400000000          mov r12, 0
    92 00000055 48C7C000000000          mov rax, 0
    93                                 sumLoop:
    94 0000005C 420304A7                add eax, dword [rdi+r12*4]
    95 00000060 49FFC4                  inc r12
    96 00000063 4939F4                  cmp r12, rsi
    97 00000066 7CF2                    jl sumLoop
    98                                 
    99 00000068 4C8B6510                mov r12, qword [rbp+16]
   100 0000006C 41890424                mov dword [r12], eax
   101                                 
   102 00000070 99                      cdq
   103 00000071 48F7FE                  idiv rsi
   104 00000074 4C8B6518                mov r12, qword [rbp+24]
   105 00000078 41890424                mov dword [r12], eax
   106                                 
   107 0000007C 415C                    pop r12
   108 0000007E 5D                      pop rbp
   109 0000007F C3                      ret
   110                                 
   111                                 [global _start]
   112                                 _start:
   113 00000080 68[00000000]            push ave
   114 00000085 68[00000000]            push sum
   115 0000008A 49C7C1[00000000]        mov r9, max
   116 00000091 49C7C0[00000000]        mov r8, med2
   117 00000098 48C7C1[00000000]        mov rcx, med1
   118 0000009F 48C7C2[00000000]        mov rdx, min
   119 000000A6 8B3425[00000000]        mov esi, dword [len]
   120 000000AD 48C7C7[00000000]        mov rdi, list
   121 000000B4 E842FFFFFF              call stats2
   122 000000B9 4883C410                add rsp, 16
   123                                 
   124                                 
   125                                 
   126                                 last:
   127 000000BD B83C000000              mov eax, SYS_exit
   128 000000C2 BB00000000              mov ebx, EXIT_SUCCESS
   129 000000C7 0F05                    syscall
