     1                                 %line 1+1 readString.asm
     2                                 
     3                                 
     4                                 
     5                                 
     6                                 
     7                                 
     8                                 [section .data]
     9                                 
    10                                 
    11                                 
    12                                 LF equ 10
    13                                 NULL equ 0
    14                                 TRUE equ 1
    15                                 FALSE equ 0
    16                                 STRLEN equ 50
    17                                 
    18                                 EXIT_SUCCESS equ 0
    19                                 
    20                                 STDIN equ 0
    21                                 STDOUT equ 1
    22                                 STDERR equ 2
    23                                 
    24                                 SYS_read equ 0
    25                                 SYS_write equ 1
    26                                 SYS_open equ 2
    27                                 SYS_close equ 3
    28                                 SYS_fork equ 57
    29                                 SYS_exit equ 60
    30                                 SYS_creat equ 85
    31                                 SYS_time equ 201
    32                                 
    33                                 
    34                                 
    35 00000000 456E74657220596F75-    enterMesg db "Enter Your Text : ", NULL
    36 00000000 722054657874203A20-
    37 00000000 00                 
    38 00000013 486572652069732059-    outputMesg db "Here is Your Text : ", NULL
    39 00000013 6F7572205465787420-
    40 00000013 3A2000             
    41 00000028 4C656E677468206F66-    lenMesg db "Length of Your Text :", NULL
    42 00000028 20596F757220546578-
    43 00000028 74203A00           
    44 0000003E 0A00                   newLine db LF, NULL
    45                                 
    46                                 
    47                                 
    48                                 [section .bss]
    49 00000000 <gap>                  lenStr resb 5
    50 00000005 <gap>                  inLine resb STRLEN+2
    51                                 
    52                                 
    53                                 [section .text]
    54                                 [global _start]
    55                                 _start:
    56                                 
    57                                 
    58                                 
    59 00000000 48C7C7[00000000]        mov rdi, enterMesg
    60 00000007 E8D7000000              call printString
    61                                 
    62                                 
    63                                 
    64 0000000C 48C7C7[00000000]        mov rdi, inLine
    65 00000013 48C7C614000000          mov rsi, 20
    66 0000001A E861000000              call readString
    67                                 
    68                                 
    69                                 
    70 0000001F 89C7                    mov edi, eax
    71 00000021 48C7C6[00000000]        mov rsi, lenStr
    72 00000028 E8E9000000              call int2str
    73                                 
    74 0000002D 48C7C7[00000000]        mov rdi, outputMesg
    75 00000034 E8AA000000              call printString
    76                                 
    77                                 
    78 00000039 48C7C7[00000000]        mov rdi, inLine
    79 00000040 E89E000000              call printString
    80                                 
    81                                 
    82                                 
    83 00000045 48C7C7[00000000]        mov rdi, newLine
    84 0000004C E892000000              call printString
    85                                 
    86 00000051 48C7C7[00000000]        mov rdi, lenMesg
    87 00000058 E886000000              call printString
    88                                 
    89 0000005D 48C7C7[00000000]        mov rdi, lenStr
    90 00000064 E87A000000              call printString
    91                                 
    92 00000069 48C7C7[00000000]        mov rdi, newLine
    93 00000070 E86E000000              call printString
    94                                 
    95                                 
    96                                 exampleDone:
    97 00000075 48C7C03C000000          mov rax, SYS_exit
    98 0000007C 48C7C700000000          mov rdi, EXIT_SUCCESS
    99 00000083 0F05                    syscall
   100                                 
   101                                 
   102                                 
   103                                 
   104                                 
   105                                 
   106                                 
   107                                 
   108                                 
   109                                 
   110                                 
   111                                 
   112                                 
   113                                 
   114                                 
   115                                 
   116                                 
   117                                 
   118                                 [global readString]
   119                                 readString:
   120                                 
   121 00000085 55                      push rbp
   122 00000086 4889E5                  mov rbp, rsp
   123 00000089 48FFC4                  inc rsp
   124 0000008C 53                      push rbx
   125 0000008D 4154                    push r12
   126                                 
   127                                 
   128                                 
   129 0000008F 4889FB                  mov rbx, rdi
   130 00000092 49C7C400000000          mov r12, 0
   131 00000099 4989F1                  mov r9, rsi
   132 0000009C 49FFC9                  dec r9
   133                                 
   134                                 readCharacters:
   135 0000009F 48C7C000000000          mov rax, SYS_read
   136 000000A6 48C7C700000000          mov rdi, STDIN
   137 000000AD 488D75FF                lea rsi, byte [rbp-1]
   138 000000B1 48C7C201000000          mov rdx, 1
   139 000000B8 0F05                    syscall
   140                                 
   141 000000BA 8A45FF                  mov al, byte [rbp-1]
   142 000000BD 3C0A                    cmp al, LF
   143 000000BF 740D                    je readDone
   144                                 
   145                                 
   146                                 
   147                                 
   148 000000C1 49FFC4                  inc r12
   149 000000C4 4D39CC                  cmp r12, r9
   150 000000C7 73D4                    jae readCharacters
   151                                 
   152                                 
   153 000000C9 8803                    mov byte [rbx], al
   154 000000CB 48FFC3                  inc rbx
   155                                 
   156 000000CE EBCD                    jmp readCharacters
   157                                 
   158                                 readDone:
   159 000000D0 C60300                  mov byte [rbx], NULL
   160 000000D3 4D39CC                  cmp r12, r9
   161 000000D6 7303                    jae maxLen
   162 000000D8 4C89E0                  mov rax, r12
   163 000000DB EB3A                    jmp prtDone
   164                                 maxLen:
   165 000000DD 4C89C8                  mov rax, r9
   166                                 readStringDone:
   167                                 
   168 000000E0 415C                    pop r12
   169 000000E2 5B                      pop rbx
   170 000000E3 4889EC                  mov rsp, rbp
   171 000000E6 5D                      pop rbp
   172 000000E7 C3                      ret
   173                                 
   174                                 
   175                                 
   176                                 
   177                                 
   178                                 
   179                                 
   180                                 
   181                                 
   182                                 
   183                                 
   184                                 
   185                                 
   186                                 
   187                                 
   188                                 
   189                                 
   190                                 
   191                                 [global printString]
   192                                 printString:
   193                                 
   194 000000E8 53                      push rbx
   195                                 
   196                                 
   197                                 
   198 000000E9 4889FB                  mov rbx, rdi
   199 000000EC 48C7C200000000          mov rdx, 0
   200                                 countLoop:
   201 000000F3 803B00                  cmp byte [rbx], NULL
   202 000000F6 7406                    je countDone
   203 000000F8 48FFC2                  inc rdx
   204 000000FB 48FFC3                  inc rbx
   205 000000FE EBF1                    jmp countLoop
   206                                 countDone:
   207 00000100 4883FA00                cmp rdx, 0
   208 00000104 7411                    je prtDone
   209                                 
   210                                 
   211                                 
   212 00000106 48C7C001000000          mov rax, SYS_write
   213 0000010D 4889FE                  mov rsi, rdi
   214 00000110 48C7C701000000          mov rdi, STDOUT
   215                                 
   216 00000117 0F05                    syscall
   217                                 
   218                                 
   219                                 prtDone:
   220 00000119 5B                      pop rbx
   221 0000011A C3                      ret
   222                                 
   223                                 
   224                                 
   225                                 
   226                                 
   227                                 
   228                                 
   229                                 
   230                                 
   231                                 
   232                                 
   233                                 
   234                                 
   235                                 [global int2str]
   236                                 int2str:
   237                                 
   238 0000011B 55                      push rbp
   239 0000011C 4889E5                  mov rbp, rsp
   240                                 
   241 0000011F 4883EC01                sub rsp, 1
   242 00000123 53                      push rbx
   243                                 
   244                                 
   245 00000124 C645FF00                mov byte [rbp-1], 0
   246 00000128 83FF00                  cmp edi, 0
   247 0000012B 7D02                    jge division
   248                                 
   249 0000012D C645FF01                mov byte [rbp-1], 1
   250                                 
   251                                 
   252                                 division:
   253 00000131 89F8                    mov eax, edi
   254 00000133 48C7C100000000          mov rcx, 0
   255 0000013A 48C7C30A000000          mov rbx, 10
   256                                 
   257                                 divideLoop:
   258                                 
   259 00000141 99                      cdq
   260 00000142 F7FB                    idiv ebx
   261                                 
   262 00000144 52                      push rdx
   263                                 
   264 00000145 48FFC1                  inc rcx
   265                                 
   266 00000148 83F800                  cmp eax, 0
   267 0000014B 75F2                    jne divideLoop
   268                                 
   269                                 
   270                                 
   271 0000014D 48C7C700000000          mov rdi, 0
   272                                 
   273                                 addSign:
   274 00000154 807DFF00                cmp byte [rbp-1], 0
   275                                 
   276 00000158 7405                    je popLoop
   277 0000015A C6043E2D                mov byte [rsi+rdi], '-'
   278 0000015E 48FFC7                  inc rdi
   279                                 
   280                                 popLoop:
   281 00000161 58                      pop rax
   282                                 
   283 00000162 807DFF00                cmp byte [rbp-1], 0
   284 00000166 7400                    je addAbs
   285 00000168 F6D8                    neg al
   286                                 addAbs:
   287 0000016A 0430                    add al, '0'
   288 0000016C 88043E                  mov byte [rsi+rdi], al
   289 0000016F 48FFC7                  inc rdi
   290 00000172 E2EB                    loop popLoop
   291                                 
   292 00000174 C6443E0100              mov byte [rsi+rdi+1], NULL
   293                                 
   294                                 
   295 00000179 5B                      pop rbx
   296 0000017A 4889EC                  mov rsp, rbp
   297 0000017D 5D                      pop rbp
   298 0000017E C3                     ret
   299                                 
