     1                                 %line 1+1 int2str.asm
     2                                 
     3                                 
     4                                 
     5                                 
     6                                 
     7                                 
     8                                 
     9                                 [section .data]
    10                                 
    11                                 
    12                                 
    13                                 NULL equ 0
    14                                 EXIT_SUCCESS equ 0
    15                                 SYS_exit equ 60
    16                                 
    17                                 
    18                                 
    19 00000000 DA050000               intNum dd 1498
    20                                 
    21                                 
    22                                 
    23                                 [section .bss]
    24                                 
    25 00000000 <gap>                  strNum resb 10
    26                                 
    27                                 
    28                                 
    29                                 [section .text]
    30                                 [global _start]
    31                                 _start:
    32                                 
    33                                 
    34                                 
    35                                 
    36 00000000 8B0425[00000000]       mov eax, dword [intNum]
    37 00000007 48C7C100000000         mov rcx, 0
    38 0000000E BB0A000000             mov ebx, 10
    39 00000013 48C7C200000000         mov rdx, 0
    40                                 
    41                                 divideLoop:
    42                                 
    43 0000001A BA00000000              mov edx, 0
    44 0000001F F7F3                    div ebx
    45                                 
    46 00000021 52                      push rdx
    47                                 
    48 00000022 48FFC1                  inc rcx
    49                                 
    50 00000025 83F800                  cmp eax, 0
    51 00000028 75EE                    jne divideLoop
    52                                 
    53                                 
    54                                 
    55 0000002A 48C7C3[00000000]       mov rbx, strNum
    56 00000031 48C7C700000000         mov rdi, 0
    57                                 popLoop:
    58 00000038 58                      pop rax
    59 00000039 0430                    add al, '0'
    60 0000003B 88043B                  mov byte [rbx+rdi], al
    61 0000003E 48FFC7                  inc rdi
    62 00000041 E2F3                    loop popLoop
    63 00000043 C6043B00               mov byte [rbx+rdi], 0
    64                                 
    65                                 
    66                                 last:
    67 00000047 48C7C03C000000          mov rax, SYS_exit
    68 0000004E 48C7C300000000          mov rbx, EXIT_SUCCESS
    69 00000055 0F05                    syscall
