     1                                 %line 1+1 maxthread1.asm
     2                                 
     3                                 
     4                                 
     5                                 
     6                                 
     7                                 [extern pthread_create]
     8                                 [extern pthread_join]
     9                                 
    10                                 
    11                                 [section .note.GNU-stack noalloc noexec nowrite progbits]
    12                                 
    13                                 
    14                                 
    15                                 [section .data]
    16                                 
    17                                 
    18                                 
    19                                 TRUE equ 1
    20                                 FALSE equ 0
    21                                 LF equ 10
    22                                 NULL equ 0
    23                                 MAX equ 10000000
    24                                 
    25                                 EXIT_SUCCESS equ 0
    26                                 
    27                                 STDIN equ 00
    28                                 STDOUT equ 01
    29                                 STDERR equ 02
    30                                 
    31                                 SYS_read equ 0
    32                                 SYS_write equ 1
    33                                 SYS_open equ 2
    34                                 SYS_close equ 3
    35                                 SYS_fork equ 57
    36                                 SYS_exit equ 60
    37                                 SYS_creat equ 85
    38                                 SYS_time equ 201
    39                                 
    40                                 
    41                                 
    42 00000000 0000000000000000       pthreadID0 dq 0
    43 00000008 0000000000000000       pthreadID1 dq 0
    44 00000010 0A00                   newLine db LF, NULL
    45 00000012 0000000000000000       myValue dq 0
    46 0000001A 0100000000000000       x dq 1
    47 00000022 0100000000000000       y dq 1
    48                                 
    49                                 
    50                                 
    51                                 [section .bss]
    52                                 
    53 00000000 <gap>                  numstr resq 1
    54 00000008 <gap>                  timestr resq 1
    55                                 
    56                                 
    57                                 
    58                                 [section .text]
    59                                 [global main]
    60                                 main:
    61                                 
    62 00000000 4883EC08                sub rsp, 8
    63                                 
    64                                 
    65 00000004 0F31                    rdtsc
    66 00000006 48C1E220                shl rdx, 32
    67 0000000A 4809D0                  or rax, rdx
    68 0000000D 4889C3                  mov rbx, rax
    69                                 
    70                                 
    71                                 
    72 00000010 488D3C25[00000000]      lea rdi, [pthreadID0]
    73 00000018 48C7C600000000          mov rsi, NULL
    74 0000001F 488D1425[00000000]      lea rdx, [threadFunc0]
    75 00000027 48C7C100000000          mov rcx, NULL
    76 0000002E 49C7C200000000          mov r10, NULL
    77 00000035 E8(F6FFFFFF)            call pthread_create
    78                                 
    79                                 
    80                                 
    81                                 
    82 0000003A 488B3C25[00000000]      mov rdi, qword [pthreadID0]
    83 00000042 48C7C600000000          mov rsi, NULL
    84 00000049 E8(F6FFFFFF)            call pthread_join
    85                                 
    86 0000004E 48C7C7[00000000]        mov rdi, pthreadID1
    87 00000055 48C7C600000000          mov rsi, NULL
    88 0000005C 48C7C2[00000000]        mov rdx, threadFunc1
    89 00000063 48C7C100000000          mov rcx, NULL
    90 0000006A E8(F6FFFFFF)            call pthread_create
    91                                 
    92 0000006F 488B3C25[00000000]      mov rdi, qword [pthreadID1]
    93 00000077 48C7C600000000          mov rsi, NULL
    94 0000007E E8(F6FFFFFF)            call pthread_join
    95                                 
    96                                 
    97                                 
    98 00000083 0F31                    rdtsc
    99 00000085 48C1E220                shl rdx, 32
   100 00000089 4809D0                  or rax, rdx
   101 0000008C 4829D8                  sub rax, rbx
   102                                 
   103                                 
   104                                 
   105 0000008F 4889C7                  mov rdi, rax
   106 00000092 488D3425[00000000]      lea rsi, [timestr]
   107 0000009A E8B9000000              call int2str
   108                                 
   109 0000009F 48C7C7[00000000]        mov rdi, timestr
   110 000000A6 E8EE000000              call printString
   111                                 
   112 000000AB 48C7C7[00000000]        mov rdi, newLine
   113 000000B2 E8E2000000              call printString
   114                                 
   115                                 
   116 000000B7 488B3C25[00000000]      mov rdi, qword [myValue]
   117 000000BF 48C7C6[00000000]        mov rsi, numstr
   118 000000C6 E88D000000              call int2str
   119                                 
   120 000000CB 48C7C7[00000000]        mov rdi, numstr
   121 000000D2 E8C2000000              call printString
   122                                 
   123 000000D7 48C7C7[00000000]        mov rdi, newLine
   124 000000DE E8B6000000              call printString
   125                                 
   126                                 
   127                                 
   128                                 last:
   129 000000E3 48C7C03C000000          mov rax, SYS_exit
   130 000000EA 48C7C700000000          mov rdi, EXIT_SUCCESS
   131 000000F1 0F05                    syscall
   132                                 
   133                                 
   134                                 [global threadFunc0]
   135                                 threadFunc0:
   136                                 
   137 000000F3 48C7C180969800          mov rcx, MAX
   138 000000FA 48D1E9                  shr rcx, 1
   139 000000FD 4C8B1425[00000000]      mov r10, qword [x]
   140 00000105 4C8B1C25[00000000]      mov r11, qword [y]
   141                                 
   142                                 incLoop0:
   143                                 
   144 0000010D 488B0425[00000000]      mov rax, qword [myValue]
   145 00000115 4899                    cqo
   146 00000117 49F7F2                  div r10
   147 0000011A 4C01D8                  add rax, r11
   148 0000011D 48890425[00000000]      mov qword [myValue], rax
   149 00000125 E2E4                    loop incLoop0
   150 00000127 C3                      ret
   151                                 
   152                                 
   153                                 
   154                                 [global threadFunc1]
   155                                 threadFunc1:
   156                                 
   157 00000128 48C7C180969800          mov rcx, MAX
   158 0000012F 48D1E9                  shr rcx, 1
   159 00000132 4C8B1425[00000000]      mov r10, qword [x]
   160 0000013A 4C8B1C25[00000000]      mov r11, qword [y]
   161                                 
   162                                 incLoop1:
   163                                 
   164 00000142 488B0425[00000000]      mov rax, qword [myValue]
   165 0000014A 4899                    cqo
   166 0000014C 49F7F2                  div r10
   167 0000014F 4C01D8                  add rax, r11
   168 00000152 48890425[00000000]      mov qword [myValue], rax
   169 0000015A E2E4                    loop incLoop1
   170 0000015C C3                      ret
   171                                 
   172                                 
   173                                 
   174                                 
   175                                 
   176                                 
   177                                 
   178                                 
   179                                 
   180                                 
   181                                 
   182                                 
   183                                 
   184                                 
   185                                 
   186                                 
   187                                 [global int2str]
   188                                 int2str:
   189                                 
   190 0000015D 53                      push rbx
   191                                 
   192                                 
   193                                 division:
   194 0000015E 4889F8                  mov rax, rdi
   195 00000161 48C7C100000000          mov rcx, 0
   196 00000168 48C7C30A000000          mov rbx, 10
   197                                 
   198                                 divideLoop:
   199                                 
   200 0000016F 48C7C200000000          mov rdx, 0
   201 00000176 48F7F3                  div rbx
   202                                 
   203 00000179 52                      push rdx
   204                                 
   205 0000017A 48FFC1                  inc rcx
   206                                 
   207 0000017D 4883F800                cmp rax, 0
   208 00000181 75EA                    jne divideLoop
   209                                 
   210                                 
   211                                 
   212 00000183 48C7C700000000          mov rdi, 0
   213                                 
   214                                 popLoop:
   215 0000018A 58                      pop rax
   216 0000018B 0430                    add al, '0'
   217 0000018D 88043E                  mov byte [rsi+rdi], al
   218 00000190 48FFC7                  inc rdi
   219 00000193 E2F3                    loop popLoop
   220                                 
   221 00000195 C6043E00                mov byte [rsi+rdi], NULL
   222                                 
   223 00000199 4889F8                  mov rax, rdi
   224                                 
   225 0000019C 5B                      pop rbx
   226 0000019D C3                      ret
   227                                 
   228                                 
   229                                 
   230                                 
   231                                 
   232                                 
   233                                 
   234                                 
   235                                 
   236                                 
   237                                 
   238                                 
   239                                 
   240                                 
   241                                 
   242                                 
   243                                 
   244                                 
   245                                 [global printString]
   246                                 printString:
   247                                 
   248 0000019E 53                      push rbx
   249                                 
   250                                 
   251                                 
   252 0000019F 4889FB                  mov rbx, rdi
   253 000001A2 48C7C200000000          mov rdx, 0
   254                                 countLoop:
   255 000001A9 803B00                  cmp byte [rbx], NULL
   256 000001AC 7406                    je countDone
   257 000001AE 48FFC2                  inc rdx
   258 000001B1 48FFC3                  inc rbx
   259 000001B4 EBF1                    jmp countLoop
   260                                 countDone:
   261 000001B6 4883FA00                cmp rdx, 0
   262 000001BA 7411                    je printDone
   263                                 
   264                                 
   265                                 
   266 000001BC 48C7C001000000          mov rax, SYS_write
   267 000001C3 4889FE                  mov rsi, rdi
   268 000001C6 48C7C701000000          mov rdi, STDOUT
   269                                 
   270 000001CD 0F05                    syscall
   271                                 
   272                                 
   273                                 printDone:
   274 000001CF 5B                      pop rbx
   275 000001D0 C3                      ret
   276                                 
